###############################################################################
#                                                                             #
# IAR ELF Linker V6.10.1.52143/W32 for ARM              06/Mar/2012  13:00:25 #
# Copyright 2007-2010 IAR Systems AB.                                         #
#                                                                             #
#    Output file  =  F:\My Works\K60\Kinetis512\kinetis-sc\build\iar\gpio\RAM #
#                    _64KB\Exe\gpio_k60_tower.out                             #
#    Map file     =  F:\My Works\K60\Kinetis512\kinetis-sc\build\iar\gpio\RAM #
#                    _64KB\List\gpio_k60_tower.map                            #
#    Command line =  "F:\My Works\K60\Kinetis512\kinetis-sc\build\iar\gpio\RA #
#                    M_64KB\Obj\BMP.o" "F:\My Works\K60\Kinetis512\kinetis-sc #
#                    \build\iar\gpio\RAM_64KB\Obj\FAT32.o" "F:\My             #
#                    Works\K60\Kinetis512\kinetis-sc\build\iar\gpio\RAM_64KB\ #
#                    Obj\alloc.o" "F:\My Works\K60\Kinetis512\kinetis-sc\buil #
#                    d\iar\gpio\RAM_64KB\Obj\arm_cm4.o" "F:\My                #
#                    Works\K60\Kinetis512\kinetis-sc\build\iar\gpio\RAM_64KB\ #
#                    Obj\assert.o" "F:\My Works\K60\Kinetis512\kinetis-sc\bui #
#                    ld\iar\gpio\RAM_64KB\Obj\crt0.o" "F:\My                  #
#                    Works\K60\Kinetis512\kinetis-sc\build\iar\gpio\RAM_64KB\ #
#                    Obj\diskio.o" "F:\My Works\K60\Kinetis512\kinetis-sc\bui #
#                    ld\iar\gpio\RAM_64KB\Obj\gpio_k60.o" "F:\My              #
#                    Works\K60\Kinetis512\kinetis-sc\build\iar\gpio\RAM_64KB\ #
#                    Obj\hw_sdhc.o" "F:\My Works\K60\Kinetis512\kinetis-sc\bu #
#                    ild\iar\gpio\RAM_64KB\Obj\io.o" "F:\My                   #
#                    Works\K60\Kinetis512\kinetis-sc\build\iar\gpio\RAM_64KB\ #
#                    Obj\mcg.o" "F:\My Works\K60\Kinetis512\kinetis-sc\build\ #
#                    iar\gpio\RAM_64KB\Obj\memtest.o" "F:\My                  #
#                    Works\K60\Kinetis512\kinetis-sc\build\iar\gpio\RAM_64KB\ #
#                    Obj\printf.o" "F:\My Works\K60\Kinetis512\kinetis-sc\bui #
#                    ld\iar\gpio\RAM_64KB\Obj\queue.o" "F:\My                 #
#                    Works\K60\Kinetis512\kinetis-sc\build\iar\gpio\RAM_64KB\ #
#                    Obj\start.o" "F:\My Works\K60\Kinetis512\kinetis-sc\buil #
#                    d\iar\gpio\RAM_64KB\Obj\startup.o" "F:\My                #
#                    Works\K60\Kinetis512\kinetis-sc\build\iar\gpio\RAM_64KB\ #
#                    Obj\stdlib.o" "F:\My Works\K60\Kinetis512\kinetis-sc\bui #
#                    ld\iar\gpio\RAM_64KB\Obj\sysinit.o" "F:\My               #
#                    Works\K60\Kinetis512\kinetis-sc\build\iar\gpio\RAM_64KB\ #
#                    Obj\uart.o" "F:\My Works\K60\Kinetis512\kinetis-sc\build #
#                    \iar\gpio\RAM_64KB\Obj\uif.o" "F:\My                     #
#                    Works\K60\Kinetis512\kinetis-sc\build\iar\gpio\RAM_64KB\ #
#                    Obj\vectors.o" "F:\My Works\K60\Kinetis512\kinetis-sc\bu #
#                    ild\iar\gpio\RAM_64KB\Obj\wdog.o" -o "F:\My              #
#                    Works\K60\Kinetis512\kinetis-sc\build\iar\gpio\RAM_64KB\ #
#                    Exe\gpio_k60_tower.out" --map "F:\My                     #
#                    Works\K60\Kinetis512\kinetis-sc\build\iar\gpio\RAM_64KB\ #
#                    List\gpio_k60_tower.map" --config "F:\My                 #
#                    Works\K60\Kinetis512\kinetis-sc\build\iar\gpio\..\config #
#                     files\64KB_Ram.icf" --semihosting --entry               #
#                    __iar_program_start                                      #
#                                                                             #
#                                                                             #
###############################################################################

*******************************************************************************
*** RUNTIME MODEL ATTRIBUTES
***

CppFlavor       = *
__SystemLibrary = DLib


*******************************************************************************
*** PLACEMENT SUMMARY
***

"A1":  place at 0x1fff8000 { ro section .intvec };
"A2":  place at 0x1fff8410 { ro section .noinit };
"P1":  place in [from 0x1fff8000 to 0x20008000] { ro, block CodeRelocate };
"P2":  place in [from 0x1fff8000 to 0x20008000] {
          rw, block CodeRelocateRam, block CSTACK, block HEAP };

  Section              Kind        Address    Size  Object
  -------              ----        -------    ----  ------
"A1":                                        0x410
  .intvec              const    0x1fff8000   0x410  vectors.o [1]
                              - 0x1fff8410   0x410

"A2":                                         0x3c
  .noinit              ro code  0x1fff8410    0x3c  crt0.o [1]
                              - 0x1fff844c    0x3c

"P1":                                       0x3efc
  .text                ro code  0x1fff844c  0x1718  FAT32.o [1]
  .text                ro code  0x1fff9b64   0x40c  diskio.o [1]
  .text                ro code  0x1fff9f70    0x16  strchr.o [4]
  .text                ro code  0x1fff9f86    0x3c  stdlib.o [1]
  .text                ro code  0x1fff9fc2    0x22  zero_init3.o [4]
  .text                ro code  0x1fff9fe4   0xa68  hw_sdhc.o [1]
  .text                ro code  0x1fffaa4c   0x818  start.o [1]
  .text                ro code  0x1fffb264    0x38  wdog.o [1]
  .text                ro code  0x1fffb29c    0x9c  startup.o [1]
  .text                ro code  0x1fffb338    0xc4  sysinit.o [1]
  .text                ro code  0x1fffb3fc   0x4c4  printf.o [1]
  .text                ro code  0x1fffb8c0   0x45c  gpio_k60.o [1]
  .text                ro code  0x1fffbd1c   0x194  arm_cm4.o [1]
  .text                ro code  0x1fffbeb0   0x114  mcg.o [1]
  .text                ro code  0x1fffbfc4    0xf2  uart.o [1]
  .text                ro code  0x1fffc0b8    0xe8  BMP.o [1]
  .text                ro code  0x1fffc1a0    0x70  ABImemcpy.o [4]
  CodeRelocate                  0x1fffc210    0x4c  <Block>
    Initializer bytes  ro data  0x1fffc210    0x4c  <for CodeRelocateRam-1>
  .text                ro code  0x1fffc25c    0x48  vectors.o [1]
  .text                ro code  0x1fffc2a4    0x2c  data_init3.o [4]
  .iar.init_table      const    0x1fffc2d0    0x10  - Linker created -
  .text                ro code  0x1fffc2e0    0x16  cmain.o [4]
  .text                ro code  0x1fffc2f6     0x4  low_level_init.o [3]
  .text                ro code  0x1fffc2fa     0x8  exit.o [3]
  .text                ro code  0x1fffc304     0xa  cexit.o [4]
  .text                ro code  0x1fffc310    0x14  exit.o [5]
  .text                ro code  0x1fffc324    0x14  io.o [1]
  .text                ro code  0x1fffc338     0xc  cstartup_M.o [4]
  .data_init                    0x1fffc344     0x4  <Block>
    Initializer bytes  ro data  0x1fffc344     0x4  <for .data-1>
                              - 0x1fffc348  0x3efc

"P2", part 1 of 2:                            0x50
  CodeRelocateRam               0x1fffc348    0x4c  <Block>
    CodeRelocateRam-1           0x1fffc348    0x4c  <Init block>
      .textrw          inited   0x1fffc348    0x4c  mcg.o [1]
  .data                         0x1fffc394     0x4  <Block>
    .data-1                     0x1fffc394     0x1  <Init block>
      .data            inited   0x1fffc394     0x1  diskio.o [1]
                              - 0x1fffc398    0x50

"P2", part 2 of 2:                          0x3421
  .bss                          0x1fffc398  0x3421  <Block>
    .bss               zero     0x1fffc398    0x20  FAT32.o [1]
    .bss               zero     0x1fffc3b8    0x10  FAT32.o [1]
    .bss               zero     0x1fffc3c8     0x4  FAT32.o [1]
    .bss               zero     0x1fffc3cc     0x4  FAT32.o [1]
    .bss               zero     0x1fffc3d0   0x200  FAT32.o [1]
    .bss               zero     0x1fffc5d0  0x1770  gpio_k60.o [1]
    .bss               zero     0x1fffdd40     0x4  gpio_k60.o [1]
    .bss               zero     0x1fffdd44     0x4  gpio_k60.o [1]
    .bss               zero     0x1fffdd48     0x4  gpio_k60.o [1]
    .bss               zero     0x1fffdd4c     0x4  gpio_k60.o [1]
    .bss               zero     0x1fffdd50     0x4  gpio_k60.o [1]
    .bss               zero     0x1fffdd54    0x20  gpio_k60.o [1]
    .bss               zero     0x1fffdd74    0x40  gpio_k60.o [1]
    .bss               zero     0x1fffddb4   0x400  gpio_k60.o [1]
    .bss               zero     0x1fffe1b4  0x15e0  gpio_k60.o [1]
    .bss               zero     0x1ffff794    0x18  hw_sdhc.o [1]
    .bss               zero     0x1ffff7ac     0x4  sysinit.o [1]
    .bss               zero     0x1ffff7b0     0x4  sysinit.o [1]
    .bss               zero     0x1ffff7b4     0x4  sysinit.o [1]
    .bss               zero     0x1ffff7b8     0x1  gpio_k60.o [1]
                              - 0x1ffff7b9  0x3421


*******************************************************************************
*** INIT TABLE
***

          Address     Size
          -------     ----
Zero (__iar_zero_init3)
    1 destination range, total size 0x3421:
          0x1fffc398  0x3421


*******************************************************************************
*** MODULE SUMMARY
***

    Module            ro code  rw code  ro data  rw data
    ------            -------  -------  -------  -------
F:\My Works\K60\Kinetis512\kinetis-sc\build\iar\gpio\RAM_64KB\Obj: [1]
    BMP.o                 232
    FAT32.o             5 912                        568
    arm_cm4.o             404
    crt0.o                 60
    diskio.o            1 036                 1        1
    gpio_k60.o          1 116                     12 741
    hw_sdhc.o           2 664                         24
    io.o                   20
    mcg.o                 276       76       76
    printf.o            1 220
    start.o             2 072
    startup.o             156
    stdlib.o               60
    sysinit.o             196                         12
    uart.o                242
    vectors.o              72             1 040
    wdog.o                 56
    ----------------------------------------------------
    Total:             15 794       76    1 117   13 346

command line: [2]
    ----------------------------------------------------
    Total:

dl7M_tln.a: [3]
    exit.o                  8
    low_level_init.o        4
    ----------------------------------------------------
    Total:                 12

rt7M_tl.a: [4]
    ABImemcpy.o           112
    cexit.o                10
    cmain.o                22
    cstartup_M.o           12
    data_init3.o           44
    strchr.o               22
    zero_init3.o           34
    ----------------------------------------------------
    Total:                256

shb_l.a: [5]
    exit.o                 20
    ----------------------------------------------------
    Total:                 20

    Gaps                    6                          3
    Linker created                           19
--------------------------------------------------------
    Grand Total:       16 088       76    1 136   13 349


*******************************************************************************
*** ENTRY LIST
***

Entry                      Address    Size  Type      Object
-----                      -------    ----  ----      ------
.bss$$Base              0x1fffc398           --   Gb  - Linker created -
.bss$$Limit             0x1ffff7b9           --   Gb  - Linker created -
.data$$Base             0x1fffc394           --   Gb  - Linker created -
.data$$Limit            0x1fffc398           --   Gb  - Linker created -
.data_init$$Base        0x1fffc344           --   Gb  - Linker created -
.data_init$$Limit       0x1fffc348           --   Gb  - Linker created -
?main                   0x1fffc2e1          Code  Gb  cmain.o [4]
BmpBIT8Write            0x1fffc0eb    0x76  Code  Gb  BMP.o [1]
CLie                    0x1fffdd40     0x4  Data  Gb  gpio_k60.o [1]
CodeRelocate$$Base      0x1fffc210           --   Gb  - Linker created -
CodeRelocate$$Limit     0x1fffc25c           --   Gb  - Linker created -
CodeRelocateRam$$Base   0x1fffc348           --   Gb  - Linker created -
CodeRelocateRam$$Limit  0x1fffc394           --   Gb  - Linker created -
ColorTable              0x1fffddb4   0x400  Data  Gb  gpio_k60.o [1]
Compare_Dir_Name        0x1fff8787    0x24  Code  Gb  FAT32.o [1]
Dev_No                  0x1ffff7b8     0x1  Data  Gb  gpio_k60.o [1]
ESDHC_COMMAND_XFERTYP   0x1fffa94c   0x100  Data  Lc  hw_sdhc.o [1]
FAT32_Add_Dat           0x1fff9701   0x3ce  Code  Gb  FAT32.o [1]
FAT32_Buffer            0x1fffc3d0   0x200  Data  Gb  FAT32.o [1]
FAT32_Create_Dir        0x1fff9acf    0x32  Code  Gb  FAT32.o [1]
FAT32_Create_File       0x1fff9b01    0x4c  Code  Gb  FAT32.o [1]
FAT32_Create_Rec        0x1fff93c9   0x32c  Code  Gb  FAT32.o [1]
FAT32_Empty_Cluster     0x1fff9345    0x7a  Code  Gb  FAT32.o [1]
FAT32_Enter_Dir         0x1fff88bb   0x16e  Code  Gb  FAT32.o [1]
FAT32_Find_DBR          0x1fff84ad    0x28  Code  Gb  FAT32.o [1]
FAT32_Find_Free_Clust   0x1fff8f41    0xae  Code  Gb  FAT32.o [1]
FAT32_GetNextCluster    0x1fff8755    0x32  Code  Gb  FAT32.o [1]
FAT32_Get_Remain_Cap    0x1fff8601    0x6e  Code  Gb  FAT32.o [1]
FAT32_Get_Total_Size    0x1fff84d5    0x38  Code  Gb  FAT32.o [1]
FAT32_Init              0x1fff852d    0xd4  Code  Gb  FAT32.o [1]
FAT32_Modify_FAT        0x1fff91d1   0x174  Code  Gb  FAT32.o [1]
FAT32_Open_File         0x1fff8a29   0x280  Code  Gb  FAT32.o [1]
FAT32_ReadSector        0x1fff844d    0x10  Code  Gb  FAT32.o [1]
FAT32_Seek_File         0x1fff8ca9   0x282  Code  Gb  FAT32.o [1]
FAT32_Update_FSInfo_Free_Clu
                        0x1fff866f    0x8e  Code  Gb  FAT32.o [1]
FAT32_Update_FSInfo_Last_Clu
                        0x1fff86fd    0x58  Code  Gb  FAT32.o [1]
FAT32_WriteSector       0x1fff845d    0x10  Code  Gb  FAT32.o [1]
FAT32_toFileName        0x1fff881f    0x72  Code  Gb  FAT32.o [1]
FatArg                  0x1fffdd54    0x20  Data  Gb  gpio_k60.o [1]
FileInfo                0x1fffdd74    0x40  Data  Gb  gpio_k60.o [1]
FilenameMatch           0x1fff87ab    0x74  Code  Gb  FAT32.o [1]
Fill_Rec_Inf            0x1fff8ffd   0x1d4  Code  Gb  FAT32.o [1]
GPflag                  0x1fffdd4c     0x4  Data  Gb  gpio_k60.o [1]
GetPic                  0x1fffbc28    0xf4  Data  Gb  gpio_k60.o [1]
ISR_PTA                 0x1fffb8d7    0x9a  Code  Gb  gpio_k60.o [1]
ISR_PTD                 0x1fffb971    0x2e  Code  Gb  gpio_k60.o [1]
InitColorTable          0x1fffc0b9    0x32  Code  Gb  BMP.o [1]
L2U                     0x1fff8499    0x14  Code  Gb  FAT32.o [1]
LE2BE                   0x1fff846d    0x2c  Code  Gb  FAT32.o [1]
LieCount                0x1fffdd44     0x4  Data  Gb  gpio_k60.o [1]
PIT0_ISR                0x1fffb9b1    0x36  Code  Gb  gpio_k60.o [1]
PIT1_ISR                0x1fffb9e7    0x22  Code  Gb  gpio_k60.o [1]
PIT2_ISR                0x1fffba09    0x22  Code  Gb  gpio_k60.o [1]
PIT3_ISR                0x1fffba2b    0x22  Code  Gb  gpio_k60.o [1]
Pic                     0x1fffc5d0  0x1770  Data  Gb  gpio_k60.o [1]
Pll_Init                0x1fffba4d    0x92  Code  Gb  gpio_k60.o [1]
Region$$Table$$Base     0x1fffc2d0           --   Gb  - Linker created -
Region$$Table$$Limit    0x1fffc2e0           --   Gb  - Linker created -
RowCount                0x1fffdd48     0x4  Data  Gb  gpio_k60.o [1]
SDHC_Card               0x1ffff794    0x18  Data  Gb  hw_sdhc.o [1]
SDHC_is_running         0x1fffa747    0x16  Code  Lc  hw_sdhc.o [1]
SDHC_send_command       0x1fffa76b   0x14e  Code  Lc  hw_sdhc.o [1]
SDHC_set_baudrate       0x1fffa6b1    0x96  Code  Lc  hw_sdhc.o [1]
SDHC_status_wait        0x1fffa75d     0xe  Code  Lc  hw_sdhc.o [1]
Search_Last_Usable_Cluster
                        0x1fff850d    0x20  Code  Gb  FAT32.o [1]
Stat                    0x1fffc394     0x1  Data  Lc  diskio.o [1]
Str2Up                  0x1fff8891    0x2a  Code  Gb  FAT32.o [1]
Timer0                  0x1fffb99f    0x12  Code  Gb  gpio_k60.o [1]
__BOOT_STACK_ADDRESS {Abs}
                        0x20007ff8           --   Gb  command line/config [2]
__VECTOR_RAM {Abs}      0x1fff8000           --   Gb  command line/config [2]
__VECTOR_TABLE {Abs}    0x1fff8000           --   Gb  command line/config [2]
__aeabi_memcpy          0x1fffc1a1          Code  Gb  ABImemcpy.o [4]
__aeabi_memcpy4         0x1fffc1bb          Code  Gb  ABImemcpy.o [4]
__aeabi_memcpy8         0x1fffc1bb          Code  Gb  ABImemcpy.o [4]
__cmain                 0x1fffc2e1          Code  Gb  cmain.o [4]
__exit                  0x1fffc311    0x14  Code  Gb  exit.o [5]
__iar_Strchr            0x1fff9f71          Code  Gb  strchr.o [4]
__iar_data_init3        0x1fffc2a5    0x2c  Code  Gb  data_init3.o [4]
__iar_program_start     0x1fffc339          Code  Gb  cstartup_M.o [4]
__iar_zero_init3        0x1fff9fc3    0x22  Code  Gb  zero_init3.o [4]
__low_level_init        0x1fffc2f7     0x4  Code  Gb  low_level_init.o [3]
__startup               0x1fff8411          Code  Gb  crt0.o [1]
__vector_table          0x1fff8000   0x410  Data  Gb  vectors.o [1]
_call_main              0x1fffc2ed          Code  Gb  cmain.o [4]
_exit                   0x1fffc305          Code  Gb  cexit.o [4]
_main                   0x1fffc2f3          Code  Gb  cmain.o [4]
common_startup          0x1fffb29d    0x9c  Code  Gb  startup.o [1]
core_clk_khz            0x1ffff7ac     0x4  Data  Gb  sysinit.o [1]
core_clk_mhz            0x1ffff7b0     0x4  Data  Gb  sysinit.o [1]
cpu_identify            0x1fffab11   0x254  Code  Gb  start.o [1]
default_isr             0x1fffc25d    0x12  Code  Gb  vectors.o [1]
delay                   0x1fffb8c1    0x16  Code  Gb  gpio_k60.o [1]
disable_irq             0x1fffbdb7    0x5e  Code  Gb  arm_cm4.o [1]
disk_initialize         0x1fff9b65   0x234  Code  Gb  diskio.o [1]
disk_read               0x1fff9d99    0xbe  Code  Gb  diskio.o [1]
disk_write              0x1fff9e57   0x10c  Code  Gb  diskio.o [1]
enable_irq              0x1fffbd23    0x94  Code  Gb  arm_cm4.o [1]
exit                    0x1fffc2fb     0x8  Code  Gb  exit.o [3]
fb_clk_init             0x1fffb3b5    0x16  Code  Gb  sysinit.o [1]
flash_identify          0x1fffad65    0xa0  Code  Gb  start.o [1]
hw_sdhc_init            0x1fff9fe5    0xf4  Code  Gb  hw_sdhc.o [1]
hw_sdhc_ioctl           0x1fffa1c9   0x4e8  Code  Gb  hw_sdhc.o [1]
hw_sdhc_receive_block   0x1fffa0d9    0x92  Code  Gb  hw_sdhc.o [1]
hw_sdhc_send_block      0x1fffa16b    0x5e  Code  Gb  hw_sdhc.o [1]
main                    0x1fffbae1    0xb2  Code  Gb  gpio_k60.o [1]
out_char                0x1fffc325     0xe  Code  Gb  io.o [1]
pArg                    0x1fffdd50     0x4  Data  Gb  gpio_k60.o [1]
periph_clk_khz          0x1ffff7b4     0x4  Data  Gb  sysinit.o [1]
pic                     0x1fffe1b4  0x15e0  Data  Gb  gpio_k60.o [1]
pll_init                0x1fffbeb1    0xf6  Code  Gb  mcg.o [1]
printf                  0x1fffb89f    0x1e  Code  Gb  printf.o [1]
printk                  0x1fffb4d5   0x3ca  Code  Gb  printf.o [1]
printk_mknumstr         0x1fffb429    0x70  Code  Lc  printf.o [1]
printk_pad_space        0x1fffb4b7    0x1e  Code  Lc  printf.o [1]
printk_pad_zero         0x1fffb499    0x1e  Code  Lc  printf.o [1]
printk_putc             0x1fffb3fd    0x2c  Code  Lc  printf.o [1]
set_sys_dividers        0x1fffc349    0x4c  Code  Gb  mcg.o [1]
start                   0x1fffaa4d    0xc0  Code  Gb  start.o [1]
strchr                  0x1fff9f71          Code  Gb  strchr.o [4]
strcpy                  0x1fff9fa1    0x22  Code  Gb  stdlib.o [1]
strlen                  0x1fff9f87    0x1a  Code  Gb  stdlib.o [1]
sysinit                 0x1fffb339    0x66  Code  Gb  sysinit.o [1]
temp_dir_cluster        0x1fffc3c8     0x4  Data  Gb  FAT32.o [1]
temp_dir_name           0x1fffc3b8    0x10  Data  Gb  FAT32.o [1]
temp_last_cluster       0x1fffc3cc     0x4  Data  Gb  FAT32.o [1]
temp_rec                0x1fffc398    0x20  Data  Gb  FAT32.o [1]
trace_clk_init          0x1fffb39f    0x16  Code  Gb  sysinit.o [1]
uart_init               0x1fffbfc5    0xcc  Code  Gb  uart.o [1]
uart_putchar            0x1fffc0ad     0xa  Code  Gb  uart.o [1]
wdog_disable            0x1fffb265    0x16  Code  Gb  wdog.o [1]
wdog_unlock             0x1fffb27d    0x16  Code  Gb  wdog.o [1]
write_vtor              0x1fffbd1d     0x6  Code  Gb  arm_cm4.o [1]


[1] = F:\My Works\K60\Kinetis512\kinetis-sc\build\iar\gpio\RAM_64KB\Obj
[2] = command line
[3] = dl7M_tln.a
[4] = rt7M_tl.a
[5] = shb_l.a

  16 088 bytes of readonly  code memory
      76 bytes of readwrite code memory
   1 136 bytes of readonly  data memory
  13 349 bytes of readwrite data memory

Errors: none
Warnings: none
